// Jest Snapshot v1, https://goo.gl/fbAQLP

exports[`matches snapshot & renders correctly 1`] = `
<section
  className="section home"
>
  <div
    className="container"
  />
</section>
`;
